=~=~=~=~=~=~=~=~=~=~=~= PuTTY log 2020.11.28 19:31:58 =~=~=~=~=~=~=~=~=~=~=~=

 ets Jan  8 2013,rst cause:1, boot mode:(3,7)

load 0x40100000, len 7136, room 16 
tail 0
chksum 0xd4
load 0x3ffe8408, len 24, room 8 
tail 0
chksum 0x6d
load 0x3ffe8420, len 3328, room 8 
tail 8
chksum 0x26
csum 0x26[0;32mI (43) boot: ESP-IDF v3.4-dev-363-gdda5062c 2nd stage bootloader[0m
[0;32mI (43) boot: compile time 00:05:16[0m
[0;32mI (44) boot: SPI Speed      : 40MHz[0m
[0;32mI (50) boot: SPI Mode       : DOUT[0m
[0;32mI (56) boot: SPI Flash Size : 1MB[0m
[0;32mI (63) boot: Partition Table:[0m
[0;32mI (68) boot: ## Label            Usage          Type ST Offset   Length[0m
[0;32mI (79) boot:  0 nvs              WiFi data        01 02 00009000 00006000[0m
[0;32mI (91) boot:  1 phy_init         RF data          01 01 0000f000 00001000[0m
[0;32mI (102) boot:  2 factory          factory app      00 00 00010000 000f0000[0m
[0;32mI (114) boot: End of partition table[0m
[0;32mI (120) esp_image: segment 0: paddr=0x00010010 vaddr=0x40210010 size=0x1b048 (110664) map[0m
[0;32mI (182) esp_image: segment 1: paddr=0x0002b060 vaddr=0x4022b058 size=0x06e58 ( 28248) map[0m
[0;32mI (195) esp_image: segment 2: paddr=0x00031ec0 vaddr=0x3ffe8000 size=0x00554 (  1364) load[0m
[0;32mI (196) esp_image: segment 3: paddr=0x0003241c vaddr=0x40100000 size=0x00080 (   128) load[0m
[0;32mI (207) esp_image: segment 4: paddr=0x000324a4 vaddr=0x40100080 size=0x04ee8 ( 20200) load[0m
[0;32mI (229) boot: Loaded app from partition at offset 0x10000[0m
Rishard Mahadeo 815006184
Restarting in 9 seconds...
Restarting in 8 seconds...
Restarting in 7 seconds...
Restarting in 6 seconds...
Restarting in 5 seconds...
Restarting in 4 seconds...
Restarting in 3 seconds...
Restarting in 2 seconds...
Restarting in 1 seconds...
Restarting in 0 seconds...
Restarting now.

 ets Jan  8 2013,rst cause:1, boot mode:(3,7)

load 0x40100000, len 7136, room 16 
tail 0
chksum 0xd4
load 0x3ffe8408, len 24, room 8 
tail 0
chksum 0x6d
load 0x3ffe8420, len 3328, room 8 
tail 8
chksum 0x26
csum 0x26[0;32mI (80) boot: ESP-IDF v3.4-dev-363-gdda5062c 2nd stage bootloader[0m
[0;32mI (81) boot: compile time 00:05:16[0m
[0;32mI (82) boot: SPI Speed      : 40MHz[0m
[0;32mI (95) boot: SPI Mode       : DOUT[0m
[0;32mI (107) boot: SPI Flash Size : 1MB[0m
[0;32mI (120) boot: Partition Table:[0m
[0;32mI (131) boot: ## Label            Usage          Type ST Offset   Length[0m
[0;32mI (154) boot:  0 nvs              WiFi data        01 02 00009000 00006000[0m
[0;32mI (177) boot:  1 phy_init         RF data          01 01 0000f000 00001000[0m
[0;32mI (200) boot:  2 factory          factory app      00 00 00010000 000f0000[0m
[0;32mI (223) boot: End of partition table[0m
[0;32mI (237) esp_image: segment 0: paddr=0x00010010 vaddr=0x40210010 size=0x1b048 (110664) map[0m
[0;32mI (338) esp_image: segment 1: paddr=0x0002b060 vaddr=0x4022b058 size=0x06e58 ( 28248) map[0m
[0;32mI (358) esp_image: segment 2: paddr=0x00031ec0 vaddr=0x3ffe8000 size=0x00554 (  1364) load[0m
[0;32mI (360) esp_image: segment 3: paddr=0x0003241c vaddr=0x40100000 size=0x00080 (   128) load[0m
[0;32mI (388) esp_image: segment 4: paddr=0x000324a4 vaddr=0x40100080 size=0x04ee8 ( 20200) load[0m
[0;32mI (427) boot: Loaded app from partition at offset 0x10000[0m
Rishard Mahadeo 815006184
Restarting in 9 seconds...
Restarting in 8 seconds...
Restarting in 7 seconds...
Restarting in 6 seconds...
Restarting in 5 seconds...
Restarting in 4 seconds...
Restarting in 3 seconds...
Restarting in 2 seconds...
Restarting in 1 seconds...
Restarting in 0 seconds...
Restarting now.

 ets Jan  8 2013,rst cause:1, boot mode:(3,7)

load 0x40100000, len 7136, room 16 
tail 0
chksum 0xd4
load 0x3ffe8408, len 24, room 8 
tail 0
chksum 0x6d
load 0x3ffe8420, len 3328, room 8 
tail 8
chksum 0x26
csum 0x26[0;32mI (80) boot: ESP-IDF v3.4-dev-363-gdda5062c 2nd stage bootloader[0m
[0;32mI (81) boot: compile time 00:05:16[0m
[0;32mI (82) boot: SPI Speed      : 40MHz[0m
[0;32mI (95) boot: SPI Mode       : DOUT[0m
[0;32mI (107) boot: SPI Flash Size : 1MB[0m
[0;32mI (120) boot: Partition Table:[0m
[0;32mI (131) boot: ## Label            Usage          Type ST Offset   Length[0m
[0;32mI (154) boot:  0 nvs              WiFi data        01 02 00009000 00006000[0m
[0;32mI (177) boot:  1 phy_init         RF data          01 01 0000f000 00001000[0m
[0;32mI (200) boot:  2 factory          factory app      00 00 00010000 000f0000[0m
[0;32mI (223) boot: End of partition table[0m
[0;32mI (237) esp_image: segment 0: paddr=0x00010010 vaddr=0x40210010 size=0x1b048 (110664) map[0m
[0;32mI (338) esp_image: segment 1: paddr=0x0002b060 vaddr=0x4022b058 size=0x06e58 ( 28248) map[0m
[0;32mI (358) esp_image: segment 2: paddr=0x00031ec0 vaddr=0x3ffe8000 size=0x00554 (  1364) load[0m
[0;32mI (360) esp_image: segment 3: paddr=0x0003241c vaddr=0x40100000 size=0x00080 (   128) load[0m
[0;32mI (388) esp_image: segment 4: paddr=0x000324a4 vaddr=0x40100080 size=0x04ee8 ( 20200) load[0m
[0;32mI (427) boot: Loaded app from partition at offset 0x10000[0m
Rishard Mahadeo 815006184
Restarting in 9 seconds...
Restarting in 8 seconds...
Restarting in 7 seconds...
Restarting in 6 seconds...
Restarting in 5 seconds...
Restarting in 4 seconds...
Restarting in 3 seconds...
Restarting in 2 seconds...
Restarting in 1 seconds...
Restarting in 0 seconds...
Restarting now.

 ets Jan  8 2013,rst cause:1, boot mode:(3,7)

load 0x40100000, len 7136, room 16 
tail 0
chksum 0xd4
load 0x3ffe8408, len 24, room 8 
tail 0
chksum 0x6d
load 0x3ffe8420, len 3328, room 8 
tail 8
chksum 0x26
csum 0x26[0;32mI (80) boot: ESP-IDF v3.4-dev-363-gdda5062c 2nd stage bootloader[0m
[0;32mI (81) boot: compile time 00:05:16[0m
[0;32mI (82) boot: SPI Speed      : 40MHz[0m
[0;32mI (95) boot: SPI Mode       : DOUT[0m
[0;32mI (107) boot: SPI Flash Size : 1MB[0m
[0;32mI (120) boot: Partition Table:[0m
[0;32mI (131) boot: ## Label            Usage          Type ST Offset   Length[0m
[0;32mI (154) boot:  0 nvs              WiFi data        01 02 00009000 00006000[0m
[0;32mI (177) boot:  1 phy_init         RF data          01 01 0000f000 00001000[0m
[0;32mI (200) boot:  2 factory          factory app      00 00 00010000 000f0000[0m
[0;32mI (223) boot: End of partition table[0m
[0;32mI (237) esp_image: segment 0: paddr=0x00010010 vaddr=0x40210010 size=0x1b048 (110664) map[0m
[0;32mI (338) esp_image: segment 1: paddr=0x0002b060 vaddr=0x4022b058 size=0x06e58 ( 28248) map[0m
[0;32mI (358) esp_image: segment 2: paddr=0x00031ec0 vaddr=0x3ffe8000 size=0x00554 (  1364) load[0m
[0;32mI (360) esp_image: segment 3: paddr=0x0003241c vaddr=0x40100000 size=0x00080 (   128) load[0m
[0;32mI (388) esp_image: segment 4: paddr=0x000324a4 vaddr=0x40100080 size=0x04ee8 ( 20200) load[0m
[0;32mI (427) boot: Loaded app from partition at offset 0x10000[0m
Rishard Mahadeo 815006184
Restarting in 9 seconds...
Restarting in 8 seconds...
Restarting in 7 seconds...
Restarting in 6 seconds...
Restarting in 5 seconds...
Restarting in 4 seconds...
Restarting in 3 seconds...
Restarting in 2 seconds...
Restarting in 1 seconds...
Restarting in 0 seconds...
ÿùÿÿÿ F 